========= Job started  at Tue Mar 24 10:26:37 CET 2026 ==========
My jobid: 4576785
My array id: 10
======================RUNNNING RANDOM SEARCH ALGORITHM======================
Element pool chosen:
['Rh', 'Pt', 'Pd', 'Co', 'Cu', 'Zn', 'Au', 'Ag', 'Fe', 'Os', 'Mo', 'Ir', 'Ru', 'Ni']
facet: fcc-100, template-type: cluster
objective target: rate, is log(rate) used: False
Is stability included: False
-------------------SETTING UP: REACTION-MECHANISM & STABILIZER-------------------
------Calculator settings for rate predictions------
BEP relation: E_act = 0.789 + 0.624 ΔH [eV]
model parameters:
{'target': 'E_form', 'model_name': 'GPR', 'kwargs_kernel': {'length_scale': 30}, 'kwargs_model': {'alpha': 0.0001}}
Preproc parameters used
{'node_weight_dict': {'A0': 1.0, 'S1': 0.8, 'S2': 0.0}, 'edge_weight_dict': {'AA': 0.5, 'AS': 1.0, 'SS': 0.5}, 'preproc': None}
training calculator on DFT-database
filename: atoms_adsorbates_100_DFT_all.db
location: ../../../databases/DFT_database
...
Done training calculator
------REACTION MECHANISM SETTINGS------
partial pressure=1.0
temperatature=500.0 [Celcius]
gas molar fractions: 
{'CO2': 0.28, 'H2': 0.28, 'H2O': 0.02, 'CO': 0.02, 'N2': 0.4}
-------------------SEARCH PARAMETERS-------------------
total amount of samples: 10000
search key-word arguments set
{}
========= Job Finished  at Tue Mar 24 16:26:20 CET 2026 ==========
