3.924383471158095
[3.51999213 2.5308745  3.87843489 2.25640957 3.8436802  3.70379476
 3.42133012 3.5432217  3.44337092 3.67156607 3.52864814 3.91889588
 3.75077499 3.25526082 3.9093052  3.18381292 3.59268455 3.93802162
 3.86943653 3.86570553 2.30634558 3.81093229 3.38800684 4.12753682
 3.63521345 3.82054711 3.69391809 3.65613428 4.07901519 3.83902696
 3.77494956 3.93334214 4.01098677 3.90162087 2.69255507 3.52461275
 4.15969711 3.95451522 3.59951007 4.03477393 3.79898356 3.85202183
 3.70351007 3.42155278 3.62310925 3.90034674 3.53706741 3.59407542
 3.54398282 3.96028862 3.95623877 3.47585334 3.66615394 3.58306619
 3.73582672 3.58252674 3.20329806 3.83568006 0.9535413  3.20945918
 4.15200032 4.12395276 3.83874059 3.83276819 3.76214977 3.13190741
 3.72530048 3.79875093 2.87383421 3.65160794 3.75298189 3.86858399
 3.46551178 3.99254749 2.80529103 3.33724844 3.55185936 3.63798685
 3.7820685  4.00813277 3.91741064 2.88045193 3.90474616 2.92136941
 3.58812586 3.74179239 3.68787216 3.86952398 3.64195039 3.27877416
 3.90424373 3.56681363 4.00533895 3.81182287 4.00282579 3.46225535
 3.72176034 3.72353377 3.76582726 3.87287176 3.92188624 3.73460805
 3.81270889 3.55797249 2.64484386 3.34244212 4.17720017 3.16331683
 3.84494005 3.3505449  3.75681408 3.28071495 3.84412981 4.12138039
 3.64570352 3.93557804 3.12083015 3.62321567 3.55938735 3.87471381
 2.19652697 3.99110506 3.66608656 4.11153084 3.78663153 3.68434396
 3.696431   3.89173375 3.29613281 3.85092578 3.76231985 3.77115067
 3.32746247 3.5576611  3.83230405 3.94153966 3.73295571 3.89435539
 3.50601316 3.79892282 3.52120828 3.56720452 3.57233149 3.78743457
 3.19791626 3.68055094 3.86262099 3.78933449 3.82547369 3.57504588
 4.00672938 3.02226386 3.78763873 3.87849849 3.58693733 4.00544609
 3.78451129 3.76646165 3.42012232 3.68498862 3.92817264 4.17910381
 3.42992298 3.86993654 3.95870325 3.06990098 3.63534178 3.66586873
 3.8799391  3.67784185 1.40723735 3.24922701 4.07099578 3.67755674
 3.79217891 3.61526419 3.56526276 3.88234673 3.93665576 3.66571825
 3.49514077 3.76184453 4.01448935 3.7152752  3.75096755 3.1672729
 2.58880935 3.83582159 3.92239843 3.69115902 3.58173766 3.68458354
 3.35275564 3.87241711 4.00631378 3.76637556 3.41531207 3.24244737
 3.44309779 3.87793952 3.91315442 3.75704685 3.19834347 3.90248291
 3.74011725 3.8637344  3.7720612  1.78858673 3.47635538 3.63589799
 4.11614342 4.10881527 3.63610903 3.84206794 3.81329503 3.91733524
 3.31108015 3.78351687 3.43929113 3.34477776 3.95806118 3.95832786
 3.62660583 3.70712593 3.67125545 3.2443033  3.98396112 3.92029625
 3.5351458  3.68895593 3.29909327 3.7848054  3.53248731 3.6520941
 3.48963614 4.05298269 3.69758654 3.59422982 3.10171711 3.83747454
 3.91556512 3.59047685 3.37645884 3.71399692 4.07485682 3.56105136
 3.17544067 3.75154317 3.28936557 3.87571567 1.9897629  3.814821
 3.11156293 4.00151591 3.41502161 3.84441027 3.82066721 4.13542471
 3.65576877 3.81888764 4.13895297 3.99824233 2.89392691 3.92449213
 4.02136902 3.75077706 3.96579531 3.72702273 4.01049607 3.8476313
 3.53860814 3.13922702 3.81193187 3.88587897 3.80971116 3.59172357
 3.21659477 3.04707248 3.79006286 2.13114677 3.76952715 3.88269571
 3.67951451 3.82240689 3.94730864 3.74778067 3.43475932 3.99206023
 3.50729406 3.72099438 3.28667649 3.26893328 3.97240677 3.88922706
 3.2508156  3.89972445 3.87877049 3.95465934 2.91909679 3.94516904
 3.70536962 3.83981675 3.76466149 3.94262155 4.06469668 2.48515858
 3.71582058 3.80012572 3.8734029  3.95309245 3.78713817 3.7559017
 3.55501974 3.69439367 3.4560081  3.97210981 3.94093708 3.65492886
 4.07733314 3.27770098 3.948551   4.10033065 3.9706944  3.83174857
 3.88635419 3.50445818 3.99408503 3.20281454 3.80273807 4.08181332
 3.48316289 3.8052301  3.9147323  3.73393278 3.49342924 3.10164161
 3.48440714 3.33778543 3.57029305 4.02063846 3.83102763 3.41168593
 3.80682011 3.13270836 3.65838322 3.95845064 3.31595035 3.82970285
 3.33605818 3.80023598 3.60518038 3.22495631 3.77786358 4.00252653
 3.9034572  4.01021448 3.91448851 3.66407844 3.47673258 3.45103863
 4.11827194 4.21122498 3.98334427 3.42990331 3.96032123 2.96948771
 3.96640474 4.10946127 3.81149683 3.38174427 3.85541771 3.82030031
 3.71258217 3.79935171 3.9019171  3.559646   3.97184699 2.99478122
 4.0659176  3.93226903 3.94901085 3.58693637 3.39976671 3.53801928
 3.38048546 4.00193155 3.67805002 2.52927554 3.59543106 3.01780793
 3.01398951 3.89780435 3.62289507 3.30007951 3.88104836 3.92533772
 3.80913657 3.81031009 3.48908927 3.94086699 3.94689032 3.96320031
 3.97760614 4.14512092 3.92739352 3.90682023 4.13354372 4.1108619
 3.82376171 4.14399672 3.90719694 3.98598078 3.7490385  3.94022058
 4.02571353 3.79782212 3.82974282 4.13272586 3.73415105 3.74960028
 3.93478214 3.69632578 3.64686247 3.89457786 3.94462721 4.07246977
 3.74518746 4.20248005 3.85726635 3.73638685 3.78536566 3.19475896
 3.96210085 3.89359746 3.99839227 3.55670542 3.94383462 4.0143091
 3.89942715 3.80448629 4.00156683 3.84053099 3.98681693 3.61230502
 3.42870254 3.8584682  3.79544237 3.96142697 3.01586417 3.77462499
 3.78845568 3.57679724 3.57381746 4.1151858  3.60022082 3.8310073
 3.42838244 3.97040448 3.67774938 3.95685362 2.06141375 3.64241117
 3.86231458 4.04909553 4.0860909  3.64970056 3.95722999 3.91331493
 3.97147748 3.9747033  3.88291347 4.20837666 3.9499362  3.09198114
 3.64620952 3.36886629 3.59241365 3.17984085 4.06348376 3.97655941
 4.22439445 3.37469511 3.93627727 3.54391466 4.215511   4.20755978
 3.91094138 3.79386495 4.20914354 3.69282608 3.82994401 3.98710109
 4.20426423 3.60659101 3.8777418  4.17840433 3.76799698 4.19240537
 3.84654697 3.6810037  4.01592984 3.86573639 4.073725   3.89573602
 4.04282322 3.61705453 3.87118578 3.80645741 3.72312335 3.92642005
 4.04988811 3.97629072 4.02590957 4.10970849 3.78162974 3.89695296
 3.96559266 4.07389821 3.9529969  4.23746754 4.00229825 3.83900477
 3.64164193 3.66573718 3.82604805 3.85143601 3.95938086 3.40178827
 3.70847331 4.04548337 3.69555375 4.04627262 3.91772733 3.80129569
 3.39661524 4.18384838 4.11589456 4.06221045 3.76561816 3.31264951
 4.09307822 3.94299191 3.71604048 3.66762605 3.79855926 4.01535058
 3.32493909 3.47184494 3.8079014  3.47162283 3.80544196 3.72631461
 4.00587213 3.96560671 4.10988687 4.01795643 3.82714201 4.0423842
 1.73982356 3.81054404 3.35430241 3.39433581 3.80394428 4.10736736
 4.04118631 3.10588633 3.89709106 4.00282251 3.13929666 3.97022378
 3.72015044 4.11949346 4.04112598 3.52084066 3.79445902 3.72994964
 3.83144594 4.08283575 3.87379291 3.23160581 3.13637851 4.00829705
 4.21093902 4.02124833 3.93860181 3.83870867 4.01964321 3.59584461
 3.92278217 3.20998481 3.74751035 4.29781605 4.08333295 3.52094032
 3.69662081 3.87747374 3.55320824 3.69872987 3.54545343 3.1575525
 3.87584244 4.07283579 3.92298713 3.82522754 3.8383421  2.22028184
 3.75565096 3.50887718 3.89933155 3.32669334 4.04111608 3.90690402
 4.17842327 3.78902673 1.55660228 4.08734652 3.57917945 3.63302952
 3.8155972  4.34857927 3.96061043 3.71234639 3.42165156 2.88868601
 3.60171779 3.73228353 3.99741342 3.6323602  3.19812927 3.49567864
 3.91919349 3.9778353  3.8622398  4.01384639 3.6206976  3.83797803
 3.46003303 4.13545662 4.09796984 2.92298044 3.72824879 3.72908901
 2.61239672 4.03075089 3.79194571 3.85377767 3.77858703 3.92512568
 3.60738817 4.22878332 4.15108452 3.99023204 3.76003265 4.21909088
 4.24367596 4.20491384 3.75910783 3.95323501 3.70243286 3.5397843
 4.08132596 3.86085861 3.70176062 3.92298555 2.87507236 4.15955658
 3.51446795 4.12162935 3.24976805 3.9661253  4.03292889 3.9176702
 3.85428728 4.00037821 4.20723314 4.15346542 4.243151   4.21312357
 4.25769372 4.10342166 2.10634253 3.88534466 3.86224343 4.2755671
 3.81734072 3.97412531 3.67801805 4.05939919 3.66462538 4.12918489
 3.34118067 3.66232489 3.57229774 3.47814446 3.60236832 3.90010279
 3.82426833 3.64513368 4.06063221 3.74286406 3.78526177 3.52371246
 3.92925196 4.13770448 4.03325856 3.16991958 4.0116975  3.6880915
 3.88407962 3.980711   3.63698846 4.04368723 4.18520148 4.09622088
 3.97400529 4.16935029 3.71774894 3.93301481 4.13306981 3.55848145
 3.92110602 3.96407045 3.32783395 3.79232171 3.70526254 3.69356583
 3.33754389 3.64209366 3.90719104 3.90306416 3.82718747 4.09355801
 3.97405111 3.86640751 4.10310881 3.43539914 4.04344169 3.74570568
 4.11124371 3.86952868 3.57772897 3.92942136 3.62379575 4.28234683
 3.65801437 3.87258226 4.10423259 3.95949032 3.95560538 4.08494194
 3.92269821 4.090355   4.26198076 3.46485568 3.85791189 3.37728733
 3.21642173 3.73660945 4.06529241 4.05536642 3.40198087 4.01073549
 4.1159135  3.94344757 3.41063719 3.72239669 4.13102452 4.01318823
 3.85277632 3.84118905 3.87298886 3.70933952 3.83736437 2.97896936
 3.79501379 4.01910441 4.05464825 3.89984602 2.97749267 3.86686205
 3.77986706 3.95016052 3.61428966 4.08405309 3.19579441 3.69677166
 3.80034984 3.65820763 3.80945543 3.64547836 3.76039722 3.49330814
 3.79640545 4.1514023  3.96717615 3.51355092 3.98845707 4.20775188
 3.90386196 3.67814556 3.75512724 4.17787184 4.07954854 3.91911732
 4.00601146 3.75632644 4.17748972 4.03369097 3.94088646 4.1408853
 3.95280126 4.03251384 3.81458325 4.01582391 4.07761555 4.04728717
 4.12967332 4.02510962 3.93595959 4.28547369 3.93241266 4.06017472
 4.12734306 3.61070888 3.92984786 4.1390638  4.08969501 4.09875764
 4.10409874 3.82242113 3.81189261 4.17476987 3.83288039 4.0206805
 3.82861339 4.01253809 3.58371598 4.06226085 3.99082756 3.79485107
 4.1116931  3.8380774  3.93594791 4.20206259 3.87297715 3.45646482
 3.68535124 4.34857927 3.55493705 3.57485597 4.10128403 4.18601162
 3.90309723 4.15907187 3.82626865 4.05877457 3.88146361 4.15692228
 4.05778376 4.11298988 3.91382725 4.18601162 3.83075391 4.21175573
 4.26833552 3.88073344 4.12247523 4.06397222 4.06711074 4.14213202
 3.70075849 4.13371115 3.80517281 4.09839345 4.19673775 3.53202415
 4.15681438 3.86800524 3.54972457 3.89406678 3.8991035  3.91723539
 3.94707263 3.7638814  3.67962665 4.09756885 3.96371456 3.86623803
 3.91554681 4.02215063 4.18329106 4.00446722 4.11626787 3.66104521
 4.22460803 4.23839876 3.9712586  4.15407856 4.09721739 4.17501383
 4.00872675 3.96559852 4.07946759 4.09607953 3.96336457 3.63362068
 4.02265075 3.91420473 4.15445911 3.80865501 4.07028902 4.20567998
 3.55096143 3.7990382  4.12405845 3.8915662  4.05536    3.76907
 4.02652957 3.86459589 3.62782445 4.01874812 3.75151745 3.48389513
 3.81271529 3.9572634  4.05475082 4.09587533 4.06364869 4.10388102
 4.03939893 4.10608529 4.24059633 3.88099513 4.21093902 4.19173719
 3.89423688 3.94537036 3.52684413 3.79339958 3.60478432 3.46836822
 4.06326039 3.65114366 3.98298436 4.07433915 4.17446741 4.18901652
 3.73384792 3.65662651 3.96509574 4.14455713 4.11686464 3.87678751
 3.85894422 4.11370242 3.97619625 4.03171785 4.09614389 4.24656282
 3.23263171 3.68038025 4.16725044 3.9460788  3.94554164 3.70706117
 4.07661315 3.46861739 4.27503652 3.7744572  3.35649604 4.02059751
 4.18490088 3.99795988 3.81197398 4.1429306  3.79413247 4.09513064
 3.20216195 4.22071864 3.71135962 4.22719426 4.00458702 4.02363622
 3.511935   4.07800384 3.71638463 4.08853948 4.05914569 3.82454799
 4.22791978 3.68645755 3.78183252 3.77682574 2.95313447 4.08366501
 3.9677026  3.60785321 3.79869625 3.68185204]
[ 17  23  28  31  32  36  37  39  49  50  60  61  73  79  92  94 106 113
 115 121 123 135 150 155 160 161 164 172 178 182 194 210 211 220 221 226
 235 244 253 257 260 261 263 264 266 268 284 287 292 297 299 303 304 309
 315 316 318 320 321 322 326 329 339 345 353 355 360 361 362 364 366 367
 376 378 379 380 385 395 399 400 401 402 403 404 406 407 409 411 413 414
 417 420 424 425 427 432 434 436 437 440 442 447 453 457 459 463 464 466
 468 469 471 472 478 479 480 482 484 485 488 491 492 495 497 500 502 504
 509 510 511 512 513 516 517 518 519 520 526 529 531 535 536 537 540 541
 545 552 553 554 555 557 563 564 567 569 571 572 577 581 582 583 584 586
 591 592 601 610 612 615 619 620 626 631 633 637 638 643 647 649 650 651
 653 654 655 657 660 665 667 669 670 673 674 675 676 677 678 679 683 685
 687 689 698 702 703 704 706 709 711 712 713 714 715 717 718 721 731 732
 734 736 738 741 743 746 747 748 749 751 752 758 759 761 762 763 766 767
 775 776 781 783 793 794 796 797 801 802 804 806 807 808 809 810 811 813
 814 815 816 817 818 819 820 821 822 824 825 826 827 828 831 833 835 837
 838 840 842 843 847 850 851 853 855 857 858 859 861 863 864 866 867 868
 869 871 873 874 876 882 885 886 889 890 891 892 894 895 896 897 898 899
 900 901 902 903 904 906 908 910 911 914 916 918 921 925 926 927 928 929
 930 931 932 934 935 937 942 944 945 946 947 950 951 952 955 956 957 958
 959 962 963 964 966 968 971 972 973 975 977 979 981 982 983 985 987 988
 990 995 996]
Done sampling 100/1000 ...
Done sampling 200/1000 ...
Done sampling 300/1000 ...
Done sampling 400/1000 ...
Done sampling 500/1000 ...
Done sampling 600/1000 ...
Done sampling 700/1000 ...
Done sampling 800/1000 ...
Done sampling 900/1000 ...
Done sampling 1000/1000 ...
