3.924383471158095
[4.00994628 3.00162102 3.9342042  3.36686746 4.07710485 4.1831297
 3.24673055 3.59403838 3.66871963 3.90869432 3.70893226 3.9649053
 3.78166935 3.29356751 4.09268605 3.51163103 4.16926271 3.80586464
 4.04592878 3.24170431 3.6632447  3.77872258 3.86131266 3.59151688
 3.90829055 3.72673618 3.84471088 3.7472995  3.68363884 4.00713131
 3.64214386 3.91737855 4.00820485 4.04894637 3.86620903 3.53290553
 3.47002757 4.02042909 3.77676672 3.7648848  3.87534105 3.67640364
 3.57442349 3.59575496 4.04732373 3.89979585 4.10605236 3.86753179
 3.50226146 4.18785597 3.84212406 3.87459828 3.48834177 3.93058769
 3.70769514 2.86801439 3.66407771 3.87234651 4.02615518 3.69570474
 4.01635738 3.59565837 3.42987029 3.73429493 3.46464607 3.30737634
 4.01746114 3.48655485 3.8412744  4.10660079 3.70405222 3.73425574
 3.80271158 3.94130205 3.6235691  3.97141356 4.09522081 3.42632869
 3.74722538 3.70338926 3.97559581 3.33955688 3.87813385 3.24028516
 4.00179019 3.5936128  3.03955284 3.9915594  3.75838063 3.80900541
 3.91320971 4.08786666 3.94123066 3.81110764 3.52382692 3.88088737
 1.59915185 3.32022179 3.86646053 2.46033282 4.20264793 3.85898448
 3.86723528 3.89203022 3.825532   3.92852041 4.17973988 3.5815591
 3.98055145 3.81253999 3.77023099 3.90589069 3.70019302 4.14077899
 3.77287447 3.83114423 4.17013888 4.02066131 3.88364915 3.07149138
 3.22739928 4.17145145 3.90376035 4.057138   3.80000308 3.66396863
 4.08779137 3.20533551 3.72912363 3.90050084 3.41946116 4.18993511
 4.10054742 3.90374413 3.74971611 3.5216088  3.88962192 3.24434639
 4.09864666 3.95875585 3.49388109 4.07587215 4.06104559 3.84503895
 3.68116294 4.11534042 4.10477224 3.77269359 3.57960547 4.12624002
 3.99006481 4.00534377 3.89778281 3.86045006 3.9377162  3.60814137
 3.35268089 3.41259598 3.73555143 3.72264388 3.55279495 3.97839626
 3.77255819 3.85550642 4.08704058 3.8011535  3.87752762 4.07374527
 3.46191507 3.69858393 3.89482527 3.189809   3.93357559 3.81655912
 4.00312217 3.83765817 4.12659818 4.04074356 3.9947956  3.94952382
 3.91753322 4.09243731 3.94365939 3.99519081 3.58211459 3.6582729
 3.96639319 3.95130521 4.13119133 4.06880114 3.69376239 4.11508055
 3.79473996 3.46569617 4.08539392 3.95409851 3.97597141 3.953713
 3.94393395 2.67573072 3.28878074 3.88383979 3.39073407 3.88925408
 4.09695372 3.76760639 3.51068926 3.86724671 3.99752058 3.78946761
 3.95432392 4.07142502 3.77741829 3.92182747 3.91831092 4.14541929
 3.69801714 3.87057069 3.34591179 3.89975877 3.35656869 3.80591559
 3.35743507 3.93448906 4.08602562 3.86236501 3.27610979 4.02141759
 4.13761714 3.48995742 3.86144036 3.9389271  3.96037323 2.63986218
 3.77679475 4.02554044 4.0318917  3.68761958 3.7641235  3.91986241
 3.93259419 4.06275728 3.92246815 4.05414553 3.87986701 3.92119408
 3.51968992 4.16868306 3.92783338 3.43068589 3.90228497 3.96625158
 3.92379656 3.96226848 3.72712429 4.11805511 3.84507559 3.47487496
 3.04158035 3.89939999 3.46120577 3.75545479 3.63161884 3.7274449
 3.65992944 3.84764806 3.82040979 4.08161888 3.88065097 3.88493088
 3.74253369 3.4782895  4.05878864 3.55169659 3.63794617 3.62186265
 4.17807924 4.0083081  3.7317969  4.07502987 4.09601233 4.15741127
 3.77603727 3.88709997 3.86308541 4.01094062 4.02954426 4.0701036
 3.57545948 3.3813457  3.59615454 3.7351474  3.8416271  4.02912908
 3.11382777 4.08168973 3.95620629 4.18701311 4.07237765 3.8306788
 3.62028986 4.02391608 3.9713346  3.52995668 3.80746517 4.03094585
 3.67921623 3.58589082 4.05664384 3.94943266 3.83902976 3.83604617
 3.60525773 3.9834067  3.16151471 3.84076784 4.05684659 3.74587153
 3.20061422 3.84417332 3.98569918 3.67834298 3.90225573 3.97993822
 3.71141772 3.62750786 3.92812998 4.03412848 3.9938904  3.38567662
 3.84666303 3.7565449  3.72430868 3.94851471 4.11790803 3.96006528
 3.66650685 3.67772878 4.20668526 3.14483072 3.79230826 3.75487006
 4.14838852 4.12009852 3.92195634 3.93125186 3.7269431  3.79899194
 3.41382542 3.97514933 3.47352628 2.67616421 2.63706765 3.88987479
 4.02318843 4.07274795 3.8262354  3.65842379 3.41107538 3.76940109
 4.17070744 4.01146328 3.85177224 3.67250658 4.02644916 4.0104388
 3.86193902 3.94596367 4.13875311 3.20720436 3.63140897 3.94269008
 3.23768751 4.1913119  3.74851835 4.14177557 3.99386465 3.85564593
 3.76151329 3.71194543 3.52547647 3.57912687 3.88539057 3.58653195
 3.43167747 4.09033825 4.14477736 3.8870355  3.73802593 3.69123268
 4.01519864 3.80922701 4.04793782 4.20473483 3.67540647 3.39332195
 3.89961114 3.86959792 3.36776243 4.01000729 3.91558611 3.65704613
 4.01262633 3.67155443 3.97836137 3.8162311  3.87153049 3.36391553
 3.35489504 4.0896902  3.54889912 3.04931727 4.02045844 3.54033319
 3.52372777 4.21496762 3.6689819  4.20955251 4.11941292 3.86677311
 4.10086955 3.69645395 3.94871217 4.0083095  3.77728922 3.85022066
 4.24040225 2.31239311 3.91622575 4.00876011 3.35714724 3.17853773
 4.14026195 3.45326933 3.82230681 4.08788501 3.74167811 3.69045534
 4.21985236 3.51801852 3.88596546 3.63588129 4.00113474 3.95111162
 3.80338196 3.88907494 3.73996893 4.00939512 3.95678479 3.89838648
 3.79690139 4.00947457 3.95256963 3.65223576 3.80668397 3.69440101
 3.91631886 4.09646756 4.12419378 3.93275263 3.74064155 3.84911307
 3.61763607 3.89448656 4.05465298 3.50294257 4.02468311 3.57820871
 3.94697431 3.67778695 3.97893424 3.43271849 3.64180505 3.5360362
 3.4019676  3.14251531 3.71531823 4.03922286 3.79309284 3.7046216
 4.04405132 3.91479414 4.1323311  3.88147283 4.01057918 4.12684017
 3.58804234 3.85467683 4.12493048 3.89514869 3.81282509 4.01529589
 3.79656325 4.16515939 3.27421621 4.14124145 3.7330486  3.86165986
 3.9893794  3.92690201 4.02319391 3.95057489 3.12886385 3.93500304
 4.25705752 4.09777807 4.0185015  4.09248974 4.15900592 3.94572691
 3.7735399  3.99367466 4.01818388 2.95692268 3.74709543 4.04200323
 4.24059633 3.71101702 4.0831288  3.77457129 3.72935432 3.73865019
 3.86035666 3.98772318 3.8694235  4.0826246  4.1616877  3.85965533
 3.74895784 3.94145932 4.04423735 3.76304338 3.86253301 4.12033824
 3.47722292 4.12052253 4.04836212 4.03348687 3.88755696 4.04743493
 3.9659557  4.06226965 4.03026863 3.32617568 3.88982583 3.75328739
 3.85671207 3.93932769 3.68564633 4.14016924 3.77749116 3.98268702
 3.91012086 3.26647402 3.52567714 4.08398909 3.78085678 3.77018562
 3.81568934 3.77450531 3.72151355 3.66756239 3.93895326 3.98883966
 3.63886876 4.17469625 4.22071864 3.44851672 3.89577096 3.8351118
 4.11888982 3.49942221 3.97291618 4.06458411 4.00655031 3.84117974
 4.00130135 3.80503746 4.20281879 3.56833093 3.64573391 3.91815841
 4.1050699  4.07190778 3.87806844 4.07738383 3.99952432 3.51155233
 3.95367785 3.46512467 3.81407358 3.83145424 4.1206465  4.1205688
 4.05808546 4.14634998 3.96358612 3.72745401 3.86485492 3.98926857
 3.95120551 3.53780901 4.11533686 4.28597377 3.7774585  3.82096972
 4.10998634 3.81989297 4.02366445 4.04024599 3.99851891 4.08486866
 3.74197711 3.83999784 3.82315739 3.67826887 4.03945001 3.88183129
 3.87014102 3.69790156 4.22142318 3.82483478 4.23223371 3.98471105
 3.76327036 3.7980951  4.09134777 3.57911774 4.19594773 3.73071402
 3.9184125  4.13232574 4.00885642 4.20060351 3.79198316 3.7002453
 4.0700288  3.96131362 4.1831152  4.17366438 3.95997356 3.93789411
 3.43169151 3.87008348 4.05196106 3.91707829 4.25639785 3.35721357
 3.90178924 4.14898616 4.02601257 3.7779696  3.91878495 4.0472373
 4.26767209 4.06819105 4.18435959 3.59464785 3.87139099 3.55564724
 4.07201004 4.16835526 3.80722212 4.07253536 4.1858678  4.16625451
 4.02982918 3.96894134 3.31845102 3.58467461 4.0336306  3.71041998
 4.03347597 3.81987567 3.82785454 3.91097568 3.88322969 4.02386056
 3.97494676 3.99022729 3.55343037 3.76194469 4.05735676 4.15200017
 3.90433456 3.97157363 3.98922593 3.72871958 4.10768963 4.16892309
 3.90444338 3.52277853 3.73158561 3.99529705 4.22757177 3.85409711
 3.99049098 4.0505536  3.78488052 3.69540479 3.89821945 3.98303106
 3.49594732 4.15971168 3.73944052 4.17844301 4.09154903 4.01009822
 3.73544103 4.22769046 4.12449606 3.80523842 4.08414051 3.40740429
 3.82003336 4.07422943 4.23374674 3.72166767 3.92760281 3.85096696
 3.93805236 4.15815474 3.59851654 4.14108464 3.85132553 3.57685224
 3.71514407 3.97431851 3.62855222 4.22248132 4.11295689 3.63147619
 3.70683821 4.14738128 4.03596068 3.66851633 4.22803567 3.87220276
 4.11618062 4.21509273 3.79446533 4.09369895 4.15367629 4.13978153
 4.00970275 3.8667866  3.81997394 3.99036212 3.83574632 3.75704546
 4.24792806 3.97337503 2.81674076 4.30354018 3.91281356 3.46426476
 3.81897267 4.07887959 4.23335168 3.91608962 3.96118814 4.10724208
 3.98439509 4.07503747 3.82180943 3.92897562 4.05903296 3.88444241
 3.99729521 4.25222289 3.64420335 3.98000528 4.10793278 3.65856539
 3.58900848 4.12814616 3.80279521 4.08409833 4.14635553 4.19400704
 3.71185866 4.02653733 3.22089192 4.13367556 3.6906698  4.17894634
 3.98409668 3.96260696 4.00015871 3.97296596 3.76421983 3.95139603
 4.17283066 4.19406759 4.07913228 3.66699121 3.75073623 4.02148831
 4.07535636 4.06657238 4.21389637 4.02661065 4.26195253 4.15351481
 4.14426689 4.03816197 4.03967938 3.92339368 3.97113841 4.21064312
 4.09741187 3.97151993 4.04378437 3.68928278 4.10687104 3.93456447
 4.16384558 3.74137959 3.31675738 3.85889839 3.7583595  3.95360629
 4.1824391  3.83273028 4.1474823  3.90076481 4.24487676 4.04658994
 4.0615052  4.13091861 4.02388144 4.09308225 3.97301368 4.08953314
 4.06369453 4.10269651 4.16149525 4.11620132 4.12085608 4.10198563
 3.32020117 3.60503877 3.9685644  4.11416353 4.08685042 3.93470064
 4.09805436 4.2774113  3.87124803 4.12689001 4.18820036 4.02542643
 4.08609576 3.88168567 4.32028736 3.92535791 3.69254326 4.12320017
 4.23192295 4.12384023 4.20023823 4.25144244 3.85342187 4.28354775
 4.08003775 4.13575666 4.01551312 4.203177   4.17708109 4.05096516
 4.16589597 3.83347451 4.22065906 4.1858678  4.09154903 4.04597381
 4.23042331 4.17508575 4.10804733 4.22537153 3.68880104 4.01137449
 3.70128929 4.22071864 4.28003499 3.99302893 3.87757937 4.11142631
 3.91964457 4.04803479 4.01468825 4.05820354 3.76838327 3.8458076
 3.67190073 3.87133753 3.25128024 4.12670544 4.1081936  4.03740412
 3.99507861 4.10020357 3.77213025 4.17653747 4.0393019  3.98457186
 4.06844816 3.70517884 4.22800328 4.21389637 4.0004549  3.92548975
 3.87214219 3.88409745 3.73817086 3.83467338 4.20020885 4.17250211
 4.2755671  4.07283173 4.08385985 4.08944425 3.87201395 3.72063351
 4.20387526 3.93145224 3.82194473 3.80021123 3.91827802 4.22465574
 3.8196816  4.08975288 1.78536097 4.14453641 4.00849761 3.5036037
 4.12461076 3.9093376  4.12681974 3.84009209 3.62705357 3.85625158
 4.23716431 4.23240154 4.26195253 4.16259432 4.07365414 3.9188629
 4.16934993 3.8656929  4.11478797 4.28975299 4.15490089 3.85149638
 3.82888994 4.05796966 3.93605746 3.88334453 4.13842317 3.7375363
 4.24040225 3.88968632 4.17795531 3.86856352 4.11025386 4.01282415
 4.09909566 3.74662839 4.14527352 3.6196495  4.25201257 4.19855415
 2.86409517 4.17145866 4.22071864 3.93149928 4.01983513 4.17639052
 4.02479429 4.10904831 4.16701209 4.11143579 4.03073756 4.12346754
 3.91232688 4.19635506 3.90782934 3.88645626 3.77917461 3.68470257
 4.19527848 3.92856485 3.90248159 4.06741784 4.15820053 4.19250959
 3.98457603 4.15560076 3.99869863 3.96538436]
[  0   2   4   5  11  14  16  18  29  32  33  37  44  46  49  53  58  60
  66  69  73  75  76  80  84  87  91  92 100 105 106 108 113 116 117 121
 123 126 131 132 138 139 141 142 145 146 149 150 151 154 161 164 167 172
 174 176 177 178 179 181 182 183 186 187 188 189 191 194 195 196 197 198
 204 208 210 211 215 223 224 227 228 231 232 235 236 240 241 243 247 248
 251 253 255 267 272 276 277 279 280 281 285 286 287 293 295 296 297 298
 301 302 305 308 309 313 316 320 323 326 327 328 333 334 335 338 342 343
 345 349 354 355 360 361 364 365 367 368 371 373 375 376 385 386 390 392
 393 399 402 404 409 412 415 417 418 420 422 423 426 429 432 435 438 442
 443 447 448 451 452 457 458 459 464 466 468 470 477 480 482 484 485 488
 491 493 495 498 499 500 501 503 504 505 506 507 508 509 511 512 515 516
 518 523 525 526 529 530 533 535 536 537 539 540 541 542 547 549 551 555
 562 563 565 566 570 572 573 574 576 578 582 583 585 586 588 592 593 594
 595 596 599 600 602 603 606 608 609 610 611 616 620 622 623 626 628 631
 632 633 636 637 638 639 640 641 644 646 649 650 653 654 655 656 660 661
 663 664 665 666 667 670 672 677 678 679 682 683 685 686 688 689 693 694
 696 697 701 703 705 706 707 709 710 712 715 716 718 720 721 723 727 729
 730 733 734 736 738 739 741 742 743 744 747 750 751 753 757 758 760 761
 762 763 765 766 768 769 771 772 775 777 778 779 781 783 785 786 787 788
 789 791 792 793 794 797 798 799 800 801 802 803 804 805 806 808 809 810
 811 812 814 815 816 821 822 824 826 827 828 829 830 831 832 833 834 835
 836 837 838 839 842 843 844 845 846 847 849 850 851 852 854 855 857 858
 859 860 861 863 864 865 866 867 868 869 870 872 873 874 875 876 877 878
 879 881 883 884 885 887 889 890 891 897 898 899 900 901 903 904 905 906
 908 909 910 911 916 917 918 919 920 921 924 925 929 931 933 934 936 938
 942 943 944 945 946 948 950 951 952 955 956 958 960 962 964 965 966 968
 970 971 973 974 975 976 977 978 979 980 981 982 983 985 990 991 993 994
 995 996 997 998 999]
Done sampling 100/1000 ...
Done sampling 200/1000 ...
Done sampling 300/1000 ...
Done sampling 400/1000 ...
Done sampling 500/1000 ...
Done sampling 600/1000 ...
Done sampling 700/1000 ...
Done sampling 800/1000 ...
Done sampling 900/1000 ...
Done sampling 1000/1000 ...
